Circuit: * D:\INGEÑERIA\Circuitos Electronicos II\trabajos practicos\TP2 - Ampliaudio con bootstraping\simus\Ampli Completo.asc

Warning: Multiple definitions of model "bc558c" Type: BJT
Warning: Multiple definitions of model "bc548c" Type: BJT
Direct Newton iteration for .op point succeeded.

average: AVG(v(vout)/v(vin))=14.1537 FROM 0.00101 TO 0.0025


Date: Sat Nov  2 08:58:53 2024
Total elapsed time: 0.126 seconds.

tnom = 27
temp = 27
method = modified trap
totiter = 2285
traniter = 2273
tranpoints = 1080
accept = 1063
rejected = 17
matrix size = 24
fillins = 20
solver = Normal
Avg thread counts: 1.2/1.4/1.4/1.2
Matrix Compiler1: 2.72 KB object code size  0.6/0.3/[0.2]
Matrix Compiler2: 2.41 KB object code size  0.2/0.3/[0.2]

