Circuit: * D:\INGEÑERIA\Circuitos Electronicos II\Resoluciones ejercicios\TP1.2 - Fuentes reguladas\V2\Simus\Draft2.asc

Warning: Multiple definitions of model "bc558c" Type: BJT
Warning: Multiple definitions of model "bc548c" Type: BJT
Direct Newton iteration for .op point succeeded.

Date: Sat Feb 15 15:05:30 2025
Total elapsed time: 0.096 seconds.

tnom = 27
temp = 27
method = modified trap
totiter = 2092
traniter = 2082
tranpoints = 1042
accept = 1042
rejected = 0
matrix size = 10
fillins = 0
solver = Normal
Avg thread counts: 1.2/1.4/1.4/1.2
Matrix Compiler1: 382 bytes object code size  0.1/0.1/[0.1]
Matrix Compiler2: 714 bytes object code size  0.1/0.2/[0.1]

