Circuit: * D:\INGEÑERIA\Circuitos Electronicos II\Resoluciones ejercicios\TP1.2 - Fuentes reguladas\V2\Simus\Draft3.asc

Warning: Multiple definitions of model "bc558c" Type: BJT
Warning: Multiple definitions of model "bc548c" Type: BJT
Direct Newton iteration for .op point succeeded.

Date: Sat Feb 15 20:10:48 2025
Total elapsed time: 0.088 seconds.

tnom = 27
temp = 27
method = modified trap
totiter = 2155
traniter = 2145
tranpoints = 1042
accept = 1042
rejected = 0
matrix size = 12
fillins = 2
solver = Normal
Avg thread counts: 1.2/1.4/1.4/1.2
Matrix Compiler1: 794 bytes object code size  0.3/0.2/[0.1]
Matrix Compiler2: 1.08 KB object code size  0.2/0.3/[0.1]

