Circuit: * D:\INGEÑERIA\Circuitos Electronicos II\simulaciones\(labo 3) oscilador onda tirangular ej5tp4.asc

Instance "m:u2:5": Length shorter than recommended for a level 2 MOSFET.
Instance "m:u2:6": Length shorter than recommended for a level 2 MOSFET.
Direct Newton iteration failed to find .op point.  (Use ".option noopiter" to skip.)
Starting Gmin stepping
Gmin = 10
Gmin = 1.07374
vernier = 0.5
vernier = 0.25
vernier = 0.125
vernier = 0.0625
Gmin = 1.08884
vernier = 0.03125
vernier = 0.015625
Gmin = 1.03122
vernier = 0.0078125
vernier = 0.0104167
vernier = 0.00520833
Gmin = 1.01988
vernier = 0.00260417
vernier = 0.00347222
Gmin = 1.01305
vernier = 0.00173611
vernier = 0.00231481
vernier = 0.00115741
Gmin = 1.01085
vernier = 0.00154321
vernier = 0.000771604
Gmin = 1.00871
vernier = 0.00102881
vernier = 0.000514403
Gmin = 1.00715
vernier = 0.00068587
vernier = 0.000514403
Gmin = 1.0059
vernier = 0.00068587
vernier = 0.000514402
Gmin = 0
Gmin stepping failed

Starting source stepping with srcstepmethod=0
Source Step = 3.0303%
Source Step = 12.1212%
Source Step = 19.697%
Source Step = 27.2727%
Source Step = 34.8485%
Source Step = 42.4242%
vernier = 0.375
Source Step = 52.6515%
Source Step = 64.0152%
Source Step = 75.3788%
Source Step = 86.7424%
Source Step = 98.1061%
Source stepping succeeded in finding the operating point.


Date: Mon Dec 16 11:57:00 2024
Total elapsed time: 0.823 seconds.

tnom = 27
temp = 27
method = modified trap
totiter = 40245
traniter = 33486
tranpoints = 9461
accept = 7014
rejected = 2447
matrix size = 48
fillins = 52
solver = Normal
Avg thread counts: 1.0/1.0/1.0/1.0
Matrix Compiler1: 4.80 KB object code size  1.7/1.6/[0.8]
Matrix Compiler2: 5.48 KB object code size  0.7/1.0/[0.5]

