Circuit: * D:\INGEÑERIA\Circuitos Electronicos II\simulaciones\(labo2) ej10tp2.asc

Warning: Multiple definitions of model "bc558c" Type: BJT
Warning: Multiple definitions of model "bc548c" Type: BJT
Direct Newton iteration failed to find .op point.  (Use ".option noopiter" to skip.)
Starting Gmin stepping
Gmin = 10
Gmin = 1.07374
Gmin = 0.115292
Gmin = 0.0123794
Gmin = 0.00132923
Gmin = 0.000142725
Gmin = 1.5325e-05
Gmin = 1.6455e-06
Gmin = 1.76685e-07
Gmin = 1.89714e-08
Gmin = 2.03704e-09
Gmin = 2.18725e-10
Gmin = 2.34854e-11
Gmin = 2.52173e-12
Gmin = 2.70769e-13
Gmin = 0
Gmin stepping succeeded in finding the operating point.

Ignoring empty pin current: Ix(u1:vc+)
Ignoring empty pin current: Ix(u1:vc-)
Ignoring empty pin current: Ix(u1:vout+)
Ignoring empty pin current: Ix(u1:vout-)
Ignoring empty pin current: Ix(u2:a)
Ignoring empty pin current: Ix(u2:c)
Ignoring empty pin current: Ix(u1:vc+)
Ignoring empty pin current: Ix(u1:vc-)
Ignoring empty pin current: Ix(u1:vout+)
Ignoring empty pin current: Ix(u1:vout-)
Ignoring empty pin current: Ix(u2:a)
Ignoring empty pin current: Ix(u2:c)

Date: Thu Oct 24 18:21:16 2024
Total elapsed time: 0.290 seconds.

tnom = 27
temp = 27
method = modified trap
totiter = 5627
traniter = 5135
tranpoints = 2011
accept = 1655
rejected = 356
matrix size = 56
fillins = 48
solver = Normal
Avg thread counts: 1.1/1.2/1.2/1.1
Matrix Compiler1: 7.19 KB object code size  1.5/1.5/[0.6]
Matrix Compiler2: 5.94 KB object code size  0.7/1.0/[0.5]

