Circuit: * D:\INGEÑERIA\Circuitos Electronicos II\simulaciones\ClaseD FET.asc

Limiting rise time of source v1 to 1.1545e-10
Limiting fall time of source v1 to 1.1545e-10
Direct Newton iteration for .op point succeeded.

Date: Sat Jan 25 20:00:40 2025
Total elapsed time: 11.868 seconds.

tnom = 27
temp = 27
method = modified trap
totiter = 1002368
traniter = 1002364
tranpoints = 501160
accept = 501015
rejected = 145
matrix size = 7
fillins = 0
solver = Normal
Avg thread counts: 1.0/1.0/1.0/1.0
Matrix Compiler1: 196 bytes object code size  0.2/0.2/[0.1]
Matrix Compiler2: 399 bytes object code size  0.2/0.4/[0.1]

