Circuit: * D:\INGEÑERIA\Circuitos Electronicos II\simulaciones\ClaseD Acoplado por transformador.asc

Limiting rise time of source v1 to 5e-07
Limiting fall time of source v1 to 5e-07
Direct Newton iteration for .op point succeeded.
Heightened Def Con from 5.23489e-08 to 6.83489e-08
Heightened Def Con from 1.26833e-07 to 1.41833e-07
Heightened Def Con from 5.87833e-06 to 5.89333e-06
Heightened Def Con from 1.01268e-05 to 1.01418e-05
Heightened Def Con from 1.58777e-05 to 1.58927e-05

Date: Sat Jan 25 20:16:58 2025
Total elapsed time: 0.250 seconds.

tnom = 27
temp = 27
method = modified trap
totiter = 3601
traniter = 3597
tranpoints = 1775
accept = 1684
rejected = 96
matrix size = 12
fillins = 5
solver = Normal
Avg thread counts: 1.1/1.2/1.2/1.1
Matrix Compiler1: 692 bytes object code size  0.3/0.3/[0.2]
Matrix Compiler2: 942 bytes object code size  0.2/0.6/[0.1]

