Circuit: * D:\INGEÑERIA\Circuitos Electronicos II\Simulaciones\Draft1.asc

Direct Newton iteration for .op point succeeded.
Semiconductor Device Operating Points:
                        --- Diodes ---
Name:      d1
Model:      d
Id:      2.16e-05
Vd:      5.56e-01
Req:     1.20e+03
CAP:     0.00e+00



Date: Wed Feb  5 18:03:50 2025
Total elapsed time: 0.125 seconds.

tnom = 27
temp = 27
method = trap
totiter = 11
traniter = 0
tranpoints = 0
accept = 0
rejected = 0
matrix size = 6
fillins = 0
solver = Normal
Avg thread counts: 6.0/0.0/6.0/6.0
Matrix Compiler1: 164 bytes object code size
Matrix Compiler2: 380 bytes object code size
