Circuit: * D:\INGEÑERIA\Circuitos Electronicos II\simulaciones\Draft2.asc

Warning: Multiple definitions of model "bc558c" Type: BJT
Warning: Multiple definitions of model "bc548c" Type: BJT
Direct Newton iteration for .op point succeeded.
Semiconductor Device Operating Points:
                        --- Diodes ---
Name:      d1
Model:      d
Id:      1.99e-04
Vd:      6.13e-01
Req:     1.30e+02
CAP:     0.00e+00

                        --- Bipolar Transistors ---
Name:       q1
Model:      npn
Ib:       1.38e-04
Ic:       2.47e-03
Vbe:      8.00e-01
Vbc:      7.17e-01
Vce:      8.26e-02
BetaDC:   1.80e+01
Gm:       9.98e-02
Rpi:      9.61e+02
Rx:       0.00e+00
Ro:       2.34e+02
Cbe:      0.00e+00
Cbc:      0.00e+00
Cjs:      0.00e+00
BetaAC:   9.59e+01
Cbx:      0.00e+00
Ft:       0.00e+00



Date: Mon Dec 16 15:35:27 2024
Total elapsed time: 0.122 seconds.

tnom = 27
temp = 27
method = trap
totiter = 9
traniter = 0
tranpoints = 0
accept = 0
rejected = 0
matrix size = 19
fillins = 0
solver = Normal
Avg thread counts: 6.0/0.0/6.0/6.0
Matrix Compiler1: 588 bytes object code size
Matrix Compiler2: 1.22 KB object code size
