Circuit: * D:\INGEÑERIA\Circuitos Electronicos II\simulaciones\ej1tp5.asc

Limiting rise time of source v3 to 0.001
Limiting fall time of source v3 to 0.001
Instance "m:u1:5": Length shorter than recommended for a level 2 MOSFET.
Instance "m:u1:6": Length shorter than recommended for a level 2 MOSFET.
Direct Newton iteration for .op point succeeded.

Date: Fri Nov 29 17:17:04 2024
Total elapsed time: 0.153 seconds.

tnom = 27
temp = 27
method = modified trap
totiter = 2297
traniter = 2264
tranpoints = 1132
accept = 1113
rejected = 19
matrix size = 47
fillins = 35
solver = Normal
Avg thread counts: 1.2/1.4/1.4/1.2
Matrix Compiler1: 4.03 KB object code size  0.9/0.6/[0.2]
Matrix Compiler2: 4.62 KB object code size  2.0/0.7/[0.3]

