Circuit: * D:\INGEÑERIA\Circuitos Electronicos II\Simulaciones\ej4tp2.asc

Warning: Multiple definitions of model "bc558c" Type: BJT
Warning: Multiple definitions of model "bc548c" Type: BJT
WARNING: Less than two connections to node nc_01.  This node is used by q1.
WARNING: Less than two connections to node n008.  This node is used by v2.
Direct Newton iteration for .op point succeeded.
Ignoring empty pin current: Ix(u1:vc+)
Ignoring empty pin current: Ix(u1:vc-)
Ignoring empty pin current: Ix(u1:vout+)
Ignoring empty pin current: Ix(u1:vout-)
Ignoring empty pin current: Ix(u2:a)
Ignoring empty pin current: Ix(u2:c)
Ignoring empty pin current: Ix(u1:vc+)
Ignoring empty pin current: Ix(u1:vc-)
Ignoring empty pin current: Ix(u1:vout+)
Ignoring empty pin current: Ix(u1:vout-)
Ignoring empty pin current: Ix(u2:a)
Ignoring empty pin current: Ix(u2:c)

Date: Mon Sep 22 12:25:12 2025
Total elapsed time: 0.150 seconds.

tnom = 27
temp = 27
method = modified trap
totiter = 2100
traniter = 2082
tranpoints = 1042
accept = 1042
rejected = 0
matrix size = 34
fillins = 25
solver = Normal
Avg thread counts: 1.2/1.4/1.4/1.2
Matrix Compiler1: 3.83 KB object code size  1.1/0.9/[0.3]
Matrix Compiler2: 3.47 KB object code size  0.6/0.9/[0.3]

