Circuit: * D:\INGEÑERIA\Circuitos Electronicos II\simulaciones\ej6tp4 VCO ONDA CUADRADA.asc

Warning: Multiple definitions of model "bc558c" Type: BJT
Warning: Multiple definitions of model "bc548c" Type: BJT
Instance "m:u1:5": Length shorter than recommended for a level 2 MOSFET.
Instance "m:u1:6": Length shorter than recommended for a level 2 MOSFET.
Direct Newton iteration failed to find .op point.  (Use ".option noopiter" to skip.)
Starting Gmin stepping
Gmin = 10
Gmin = 1.07374
vernier = 0.5
vernier = 0.25
vernier = 0.125
vernier = 0.0625
Gmin = 1.12184
vernier = 0.03125
vernier = 0.015625
Gmin = 1.05835
vernier = 0.0208333
vernier = 0.0104167
Gmin = 1.03119
vernier = 0.00520833
vernier = 0.00694444
vernier = 0.00347222
Gmin = 1.02539
vernier = 0.00462963
vernier = 0.00231481
Gmin = 1.01977
vernier = 0.00308642
vernier = 0.00154321
vernier = 0.00205761
Gmin = 1.01572
vernier = 0.00102881
vernier = 0.00137174
Gmin = 1.01319
vernier = 0.00068587
Gmin = 1.01129
vernier = 0.000914493
vernier = 0.00121932
vernier = 0.000609662
Gmin = 1.00959
vernier = 0.000812882
vernier = 0.000406441
Gmin = 1.00862
vernier = 0.000541921
vernier = 0.000722562
vernier = 0.000541921
Gmin = 1.00752
vernier = 0.000406441
vernier = 0.000541921
vernier = 0.000406441
Gmin = 1.00694
vernier = 0.000541921
vernier = 0.000406441
Gmin = 0
Gmin stepping failed

Starting source stepping with srcstepmethod=0
Source Step = 3.0303%
vernier = 0.25
Source Step = 7.57576%
Source Step = 15.1515%
Source Step = 18.7973%
Source Step = 19.188%
Source Step = 19.3063%
Source Step = 19.4247%
Source Step = 19.5431%
Source Step = 19.6615%
Source Step = 19.7798%
vernier = 0.00585938
Source Step = 19.9574%
Source Step = 20.1349%
Source Step = 20.3125%
Source Step = 20.4901%
Source Step = 20.6676%
vernier = 0.00878906
Source Step = 20.9251%
Source Step = 21.1914%
Source Step = 21.4577%
Source Step = 21.7241%
Source Step = 21.9904%
vernier = 0.0131836
Source Step = 22.3633%
Source Step = 22.7628%
Source Step = 23.1623%
Source Step = 23.5618%
Source Step = 23.9613%
vernier = 0.0197754
Source Step = 24.5006%
Source Step = 25.0999%
vernier = 0.00494385
Source Step = 25.1898%
Source Step = 25.3396%
Source Step = 25.4894%
Source Step = 25.6392%
Source Step = 25.789%
vernier = 0.00741577
Source Step = 26.0062%
Source Step = 26.231%
Source Step = 26.4557%
Source Step = 26.6804%
Source Step = 26.9051%
vernier = 0.0111237
Source Step = 27.2197%
Source Step = 27.5568%
Source Step = 27.8939%
Source Step = 28.0456%
Source Step = 28.1299%
Source Step = 28.2141%
Source Step = 28.2984%
Source Step = 28.3827%
vernier = 0.00417137
Source Step = 28.488%
Source Step = 28.6144%
Source Step = 28.7408%
Source Step = 28.8672%
Source Step = 28.9936%
vernier = 0.00625706
Source Step = 29.1453%
Source Step = 29.3349%
Source Step = 29.5245%
Source Step = 29.7141%
Source Step = 29.9037%
vernier = 0.00938559
Source Step = 30.0507%
Source Step = 30.1218%
Source Step = 30.1929%
Source Step = 30.264%
Source Step = 30.3351%
vernier = 0.00351959
Source Step = 30.4098%
Source Step = 30.5164%
Source Step = 30.6231%
Source Step = 30.7297%
Source Step = 30.8364%
Source Step = 30.943%
vernier = 0.00527939
Source Step = 31.103%
Source Step = 31.263%
Source Step = 31.423%
Source Step = 31.583%
Source Step = 31.7429%
vernier = 0.00791909
Source Step = 31.8069%
Source Step = 31.8669%
Source Step = 31.9269%
Source Step = 31.9869%
Source Step = 32.0469%
vernier = 0.00296966
Source Step = 32.1279%
Source Step = 32.2179%
Source Step = 32.3079%
Source Step = 32.3979%
Source Step = 32.4879%
vernier = 0.00445449
Source Step = 32.6048%
Source Step = 32.7398%
Source Step = 32.8309%
Source Step = 32.8647%
Source Step = 32.8984%
Source Step = 32.9322%
Source Step = 32.9659%
vernier = 0.00167043
Source Step = 33.003%
Source Step = 33.0537%
Source Step = 33.1043%
Source Step = 33.1549%
Source Step = 33.2055%
vernier = 0.00250565
Source Step = 33.2587%
Source Step = 33.3346%
Source Step = 33.4105%
Source Step = 33.4865%
Source Step = 33.5624%
Source Step = 33.6383%
vernier = 0.00375847
Source Step = 33.7237%
Source Step = 33.7522%
Source Step = 33.7807%
Source Step = 33.8092%
Source Step = 33.8376%
Source Step = 33.8661%
vernier = 0.00140943
Source Step = 33.9074%
Source Step = 33.9501%
Source Step = 33.9928%
Source Step = 34.0355%
Source Step = 34.0782%
vernier = 0.00211414
Source Step = 34.138%
Source Step = 34.2021%
Source Step = 34.2661%
Source Step = 34.3302%
Source Step = 34.3943%
vernier = 0.00317121
Source Step = 34.4808%
Source Step = 34.5769%
Source Step = 34.673%
Source Step = 34.7691%
Source Step = 34.8652%
vernier = 0.00475682
Source Step = 34.9901%
Source Step = 35.1342%
Source Step = 35.2784%
Source Step = 35.4225%
Source Step = 35.5667%
vernier = 0.00713523
Source Step = 35.7468%
Source Step = 35.9631%
Source Step = 36.1793%
Source Step = 36.3955%
Source Step = 36.6117%
vernier = 0.0107028
Source Step = 36.8712%
Source Step = 37.1955%
Source Step = 37.5198%
Source Step = 37.8442%
Source Step = 38.1685%
vernier = 0.0160543
Source Step = 38.5415%
Source Step = 39.028%
Source Step = 39.5145%
Source Step = 40.001%
Source Step = 40.4874%
vernier = 0.0240814
Source Step = 41.0226%
Source Step = 41.7523%
Source Step = 42.4821%
Source Step = 43.2118%
Source Step = 43.9415%
vernier = 0.0361221
Source Step = 44.7078%
Source Step = 45.8024%
Source Step = 46.897%
Source Step = 47.9916%
Source Step = 49.0862%
vernier = 0.00903052
Source Step = 49.0383%
Source Step = 49.1067%
Source Step = 49.1751%
Source Step = 49.2436%
Source Step = 49.312%
vernier = 0.00338645
Source Step = 49.4077%
Source Step = 49.5104%
Source Step = 49.613%
Source Step = 49.7156%
Source Step = 49.8182%
vernier = 0.00507967
Source Step = 49.9568%
Source Step = 50.1107%
Source Step = 50.2646%
Source Step = 50.4186%
Source Step = 50.5725%
vernier = 0.0076195
Source Step = 50.7726%
Source Step = 51.0035%
Source Step = 51.2344%
Source Step = 51.4653%
Source Step = 51.6962%
vernier = 0.0114293
Source Step = 51.9848%
Source Step = 52.3311%
Source Step = 52.6775%
Source Step = 53.0238%
Source Step = 53.3701%
vernier = 0.0171439
Source Step = 53.7858%
Source Step = 54.3053%
Source Step = 54.8248%
Source Step = 55.3443%
Source Step = 55.8638%
vernier = 0.0257158
Source Step = 56.4612%
Source Step = 57.2405%
Source Step = 58.0198%
Source Step = 58.799%
Source Step = 59.5783%
vernier = 0.0385737
Source Step = 60.4355%
Source Step = 61.6044%
Source Step = 62.7733%
Source Step = 63.9422%
Source Step = 65.1111%
vernier = 0.0578606
Source Step = 66.3385%
Source Step = 68.0918%
Source Step = 69.8452%
Source Step = 71.5985%
Source Step = 73.3519%
Source Step = 75.1052%
vernier = 0.0867909
Source Step = 77.7352%
Source Step = 80.3653%
Source Step = 82.9953%
Source Step = 85.6253%
Source Step = 88.2553%
vernier = 0.130186
Source Step = 92.0689%
Source Step = 96.0139%
Source Step = 99.959%
Source stepping succeeded in finding the operating point.

Changing Tseed to 2.92969e-10

Date: Thu Dec 12 21:32:21 2024
Total elapsed time: 1.280 seconds.

tnom = 27
temp = 27
method = modified trap
totiter = 40537
traniter = 24015
tranpoints = 6896
accept = 5290
rejected = 1605
matrix size = 54
fillins = 66
solver = Normal
Avg thread counts: 1.0/1.1/1.1/1.0
Matrix Compiler1: 4.97 KB object code size  1.8/1.0/[0.3]
Matrix Compiler2: 6.23 KB object code size  0.9/0.7/[0.4]

