Circuit: * D:\INGEÑERIA\Circuitos Electronicos II\Resoluciones ejercicios\TP1.1 - Fuentes no reguladas\simus\Draft2.asc

Warning: Multiple definitions of model "bc558c" Type: BJT
Warning: Multiple definitions of model "bc548c" Type: BJT
WARNING: Node VOUT is floating.

WARNING: Less than two connections to node vout.  This node is used by c1.
Direct Newton iteration for .op point succeeded.

Date: Fri Sep 26 23:21:39 2025
Total elapsed time: 0.164 seconds.

tnom = 27
temp = 27
method = modified trap
totiter = 2098
traniter = 2082
tranpoints = 1042
accept = 1042
rejected = 0
matrix size = 36
fillins = 15
solver = Normal
Avg thread counts: 1.2/1.4/1.4/1.2
Matrix Compiler1: 3.52 KB object code size  1.0/0.8/[0.4]
Matrix Compiler2: 3.59 KB object code size  0.5/0.9/[0.3]

