Circuit: * D:\INGEÑERIA\Circuitos Electronicos II\Resoluciones ejercicios\TP1.1 - Fuentes no reguladas\simus\Draft1.asc

Warning: Multiple definitions of model "bc558c" Type: BJT
Warning: Multiple definitions of model "bc548c" Type: BJT
Direct Newton iteration for .op point succeeded.

Date: Mon Sep 15 18:04:25 2025
Total elapsed time: 0.070 seconds.

tnom = 27
temp = 27
method = modified trap
totiter = 2288
traniter = 2283
tranpoints = 1080
accept = 1052
rejected = 28
matrix size = 19
fillins = 0
solver = Normal
Avg thread counts: 1.2/1.4/1.4/1.2
Matrix Compiler1: 1.25 KB object code size  0.3/0.3/[0.2]
Matrix Compiler2: 1.55 KB object code size  0.2/0.4/[0.2]

