Circuit: * D:\INGEÑERIA\Circuitos Electronicos II\TP Obligatorio - Ampli de audio con Bootrstraping\TP2 - Ampliaudio con bootstraping\simus\Ampli Completo.asc

Warning: Multiple definitions of model "bc558c" Type: BJT
Warning: Multiple definitions of model "bc548c" Type: BJT
Direct Newton iteration for .op point succeeded.

average: AVG(v(vout)/v(vin))=14.5744 FROM 0.00101 TO 0.0025


Date: Mon Oct  6 23:03:45 2025
Total elapsed time: 0.113 seconds.

tnom = 27
temp = 27
method = modified trap
totiter = 2124
traniter = 2115
tranpoints = 1049
accept = 1048
rejected = 1
matrix size = 24
fillins = 20
solver = Normal
Avg thread counts: 1.2/1.4/1.4/1.2
Matrix Compiler1: 2.72 KB object code size  0.7/0.9/[0.3]
Matrix Compiler2: off  [0.3]/0.5/3.2

