Circuit: * D:\INGEÑERIA\Circuitos Electronicos II\TP Obligatorio - Ampli de audio con Bootrstraping\TP2 - Ampliaudio con bootstraping\simus\CircuitoReguladorLM317.asc

Direct Newton iteration failed to find .op point.  (Use ".option noopiter" to skip.)
Starting Gmin stepping
Gmin = 10
Gmin = 1.07374
Gmin = 0.115292
Gmin = 0.0123794
Gmin = 0.00132923
Gmin = 0.000142725
Gmin = 1.5325e-05
Gmin = 1.6455e-06
vernier = 0.5
Gmin = 4.20774e-07
vernier = 0.666667
vernier = 0.888888
Gmin = 8.12392e-08
vernier = 1
Gmin = 9.33136e-09
Gmin = 1.00195e-09
Gmin = 1.07583e-10
Gmin = 1.15517e-11
Gmin = 1.24035e-12
Gmin = 1.33182e-13
Gmin = 0
Gmin stepping succeeded in finding the operating point.


Date: Sat Oct  4 16:25:30 2025
Total elapsed time: 0.290 seconds.

tnom = 27
temp = 27
method = modified trap
totiter = 2895
traniter = 2082
tranpoints = 1042
accept = 1042
rejected = 0
matrix size = 40
fillins = 30
solver = Normal
Avg thread counts: 1.2/1.4/1.4/1.2
Matrix Compiler1: 7.56 KB object code size  1.4/1.2/[0.4]
Matrix Compiler2: 5.20 KB object code size  0.7/0.7/[0.3]

