Circuit: * D:\INGEÑERIA\Circuitos Electronicos II\trabajos practicos\TeX\TP2 - Ampliaudio con bootstraping\simus\Draft1.asc

Warning: Multiple definitions of model "bc558c" Type: BJT
Warning: Multiple definitions of model "bc548c" Type: BJT
WARNING: Less than two connections to node n009.  This node is used by v2.
Direct Newton iteration for .op point succeeded.

Date: Wed Oct 23 17:49:52 2024
Total elapsed time: 0.072 seconds.

tnom = 27
temp = 27
method = modified trap
totiter = 2087
traniter = 2082
tranpoints = 1042
accept = 1042
rejected = 0
matrix size = 14
fillins = 4
solver = Normal
Avg thread counts: 1.2/1.4/1.4/1.2
Matrix Compiler1: 1.04 KB object code size  0.3/0.2/[0.1]
Matrix Compiler2: 1.15 KB object code size  0.2/0.2/[0.1]

