Circuit: * D:\INGEÑERIA\Circuitos Electronicos II\Resoluciones ejercicios\TP2 - Amplis de audio\Simus\ej4tp2.asc

Warning: Multiple definitions of model "bc558c" Type: BJT
Warning: Multiple definitions of model "bc548c" Type: BJT
Direct Newton iteration for .op point succeeded.
Ignoring empty pin current: Ix(u1:vc+)
Ignoring empty pin current: Ix(u1:vc-)
Ignoring empty pin current: Ix(u1:vout+)
Ignoring empty pin current: Ix(u1:vout-)
Ignoring empty pin current: Ix(u2:a)
Ignoring empty pin current: Ix(u2:c)
Ignoring empty pin current: Ix(u1:vc+)
Ignoring empty pin current: Ix(u1:vc-)
Ignoring empty pin current: Ix(u1:vout+)
Ignoring empty pin current: Ix(u1:vout-)
Ignoring empty pin current: Ix(u2:a)
Ignoring empty pin current: Ix(u2:c)

Date: Tue Sep 30 20:40:06 2025
Total elapsed time: 0.139 seconds.

tnom = 27
temp = 27
method = modified trap
totiter = 5319
traniter = 5309
tranpoints = 2165
accept = 1702
rejected = 463
matrix size = 33
fillins = 26
solver = Normal
Avg thread counts: 1.1/1.2/1.2/1.1
Matrix Compiler1: 3.92 KB object code size  1.0/0.9/[0.3]
Matrix Compiler2: 3.48 KB object code size  0.5/0.9/[0.3]

