Circuit: * D:\INGEÑERIA\Circuitos Electronicos II\Resoluciones ejercicios\TP2 - Amplis de audio\Simus\Problema 5 TP2.asc

Warning: Multiple definitions of model "bc558c" Type: BJT
Warning: Multiple definitions of model "bc548c" Type: BJT
Direct Newton iteration for .op point succeeded.

Date: Tue Oct 14 20:29:58 2025
Total elapsed time: 0.080 seconds.

tnom = 27
temp = 27
method = modified trap
totiter = 2313
traniter = 2302
tranpoints = 1063
accept = 1050
rejected = 13
matrix size = 28
fillins = 17
solver = Normal
Avg thread counts: 1.2/1.4/1.4/1.2
Matrix Compiler1: 2.77 KB object code size  0.6/0.5/[0.3]
Matrix Compiler2: 2.56 KB object code size  0.3/1.0/[0.2]

